2015-11-03 22:25:56 (00002): 2 chmod(): Operation not permitted /var/www/html/Pokelio_Framework/Pokelio/Core/Classes/File/File.php 26
2015-11-03 22:30:02 (02048): 2048 Only variables should be passed by reference /var/www/html/Pokelio_Framework/Pokelio/Core/Classes/File/File.php 43
2015-11-03 22:30:02 (01024): 1024 Extension json not found. /var/www/html/Pokelio_Framework/Pokelio/Core/Classes/RscServer/RscServer.php 13
2015-11-03 22:31:04 (02048): 2048 Only variables should be passed by reference /var/www/html/Pokelio_Framework/Pokelio/Core/Classes/File/File.php 43
2015-11-03 22:31:04 (01024): 1024 Extension php not found. /var/www/html/Pokelio_Framework/Pokelio/Core/Classes/RscServer/RscServer.php 13
2015-11-03 22:32:03 (02048): 2048 Only variables should be passed by reference /var/www/html/Pokelio_Framework/Pokelio/Core/Classes/File/File.php 43
2015-11-03 22:32:03 (01024): 1024 Extension json not found. /var/www/html/Pokelio_Framework/Pokelio/Core/Classes/RscServer/RscServer.php 13
2015-11-03 22:33:33 (02048): 2048 Only variables should be passed by reference /var/www/html/Pokelio_Framework/Pokelio/Core/Classes/File/File.php 43
2015-11-03 22:34:31 (02048): 2048 Only variables should be passed by reference /var/www/html/Pokelio_Framework/Pokelio/Core/Classes/File/File.php 43
2015-11-04 19:39:33 (02048): 2048 Only variables should be passed by reference /var/www/html/Pokelio_Framework/Pokelio/Core/Classes/File/File.php 43
2015-11-04 19:40:22 (02048): 2048 Only variables should be passed by reference /var/www/html/Pokelio_Framework/Pokelio/Core/Classes/File/File.php 43
2015-11-04 19:41:11 (02048): 2048 Only variables should be passed by reference /var/www/html/Pokelio_Framework/Pokelio/Core/Classes/File/File.php 43
2015-11-04 19:41:52 (02048): 2048 Only variables should be passed by reference /var/www/html/Pokelio_Framework/Pokelio/Core/Classes/File/File.php 43
2015-11-04 19:42:05 (02048): 2048 Only variables should be passed by reference /var/www/html/Pokelio_Framework/Pokelio/Core/Classes/File/File.php 43
2015-11-04 19:42:22 (02048): 2048 Only variables should be passed by reference /var/www/html/Pokelio_Framework/Pokelio/Core/Classes/File/File.php 43
2015-11-04 19:42:35 (02048): 2048 Only variables should be passed by reference /var/www/html/Pokelio_Framework/Pokelio/Core/Classes/File/File.php 43
2015-11-04 19:42:46 (00008): 8 Undefined variable: src /var/www/html/Pokelio_Framework/Pokelio/Core/Classes/File/File.php 56
2015-11-04 19:42:46 (00008): 8 Undefined variable: src /var/www/html/Pokelio_Framework/Pokelio/Core/Classes/File/File.php 56
2015-11-04 19:42:46 (00008): 8 Undefined variable: src /var/www/html/Pokelio_Framework/Pokelio/Core/Classes/File/File.php 56
2015-11-04 19:42:46 (00008): 8 Undefined variable: src /var/www/html/Pokelio_Framework/Pokelio/Core/Classes/File/File.php 56
2015-11-04 19:42:46 (00008): 8 Undefined variable: src /var/www/html/Pokelio_Framework/Pokelio/Core/Classes/File/File.php 56
2015-11-04 21:05:37 (00008): 8 Undefined variable: srcDir /var/www/html/Pokelio_Framework/Pokelio/Core/Classes/File/File.php 78
2015-11-04 21:05:37 (00002): 2 scandir(): Directory name cannot be empty /var/www/html/Pokelio_Framework/Pokelio/Core/Classes/File/File.php 78
2015-11-04 21:06:11 (00008): 8 Undefined variable: srcDir /var/www/html/Pokelio_Framework/Pokelio/Core/Classes/File/File.php 81
2015-11-04 21:06:11 (00008): 8 Undefined variable: srcDir /var/www/html/Pokelio_Framework/Pokelio/Core/Classes/File/File.php 81
2015-11-04 21:06:11 (00008): 8 Undefined variable: srcDir /var/www/html/Pokelio_Framework/Pokelio/Core/Classes/File/File.php 81
2015-11-04 21:06:11 (00008): 8 Undefined variable: srcDir /var/www/html/Pokelio_Framework/Pokelio/Core/Classes/File/File.php 81
2015-11-04 21:06:11 (00008): 8 Undefined variable: srcDir /var/www/html/Pokelio_Framework/Pokelio/Core/Classes/File/File.php 81
2015-11-04 21:06:30 (00002): 2 rmdir(/var/www/html/webrsc/CLTV): Directory not empty /var/www/html/Pokelio_Framework/Pokelio/Core/Classes/File/File.php 87
2015-11-04 21:23:33 (00002): 2 mkdir(): No such file or directory /var/www/html/Pokelio_Framework/Pokelio/Core/Classes/File/File.php 52
2015-11-04 21:24:03 (00002): 2 mkdir(): No such file or directory /var/www/html/Pokelio_Framework/Pokelio/Core/Classes/File/File.php 52
2015-11-04 21:28:17 (00008): 8 Undefined variable: cleanFirst /var/www/html/Pokelio_Framework/Pokelio/Core/Classes/WebResources/WebResources.php 11
2015-11-04 21:28:17 (00002): 2 scandir(/var/www/html/Pokelio_Framework/MyApp/Modules/Bsm/rsc): failed to open dir: No such file or directory /var/www/html/Pokelio_Framework/Pokelio/Core/Classes/File/File.php 63
2015-11-04 21:28:39 (00002): 2 scandir(/var/www/html/Pokelio_Framework/MyApp/Modules/Bsm/rsc): failed to open dir: No such file or directory /var/www/html/Pokelio_Framework/Pokelio/Core/Classes/File/File.php 63
2015-11-04 21:35:17 (00002): 2 scandir(/var/www/html/webrsc/App/CodeGen): failed to open dir: No such file or directory /var/www/html/Pokelio_Framework/Pokelio/Core/Classes/File/File.php 78
2015-11-04 21:36:04 (00002): 2 scandir(/var/www/html/webrsc/Pokelio/CodeGen): failed to open dir: No such file or directory /var/www/html/Pokelio_Framework/Pokelio/Core/Classes/File/File.php 78
2015-11-04 21:37:34 (00002): 2 scandir(/var/www/html/webrsc/Pokelio/CodeGen): failed to open dir: No such file or directory /var/www/html/Pokelio_Framework/Pokelio/Core/Classes/File/File.php 78
2015-11-04 21:41:02 (00002): 2 scandir(/var/www/html/webrsc/Pokelio/CodeGen): failed to open dir: No such file or directory /var/www/html/Pokelio_Framework/Pokelio/Core/Classes/File/File.php 78
2015-11-04 21:43:16 (00002): 2 scandir(/var/www/html/webrsc/Pokelio/CodeGen): failed to open dir: No such file or directory /var/www/html/Pokelio_Framework/Pokelio/Core/Classes/File/File.php 78
2015-11-04 22:09:33 (00008): 8 Undefined variable: srcUrl /var/www/html/Pokelio_Framework/Pokelio/Core/Classes/uSyntax/uSyntax.php 115
