2015-10-30 16:22:29 (01024): 1024 Unable to find file for required class at /var/www/html/SparkFramework/Spark/Modules/BaSeMa/Classes/Hash/Hash.php (BaSeMa_Hash) /var/www/html/SparkFramework/Spark/Core/Classes/Loader/Loader.php 84
2015-10-30 16:22:57 (01024): 1024 Unable to find file for required class at /var/www/html/SparkFramework/Spark/Modules/BaSeMa/Classes/Hash/Hash.php (BaSeMa_Hash) /var/www/html/SparkFramework/Spark/Core/Classes/Loader/Loader.php 84
2015-10-30 16:23:01 (01024): 1024 Unable to find file for required class at /var/www/html/SparkFramework/Spark/Modules/BaSeMa/Classes/Hash/Hash.php (BaSeMa_Hash) /var/www/html/SparkFramework/Spark/Core/Classes/Loader/Loader.php 84
2015-10-30 16:23:02 (01024): 1024 Unable to find file for required class at /var/www/html/SparkFramework/Spark/Modules/BaSeMa/Classes/Hash/Hash.php (BaSeMa_Hash) /var/www/html/SparkFramework/Spark/Core/Classes/Loader/Loader.php 84
2015-10-30 16:23:02 (01024): 1024 Unable to find file for required class at /var/www/html/SparkFramework/Spark/Modules/BaSeMa/Classes/Hash/Hash.php (BaSeMa_Hash) /var/www/html/SparkFramework/Spark/Core/Classes/Loader/Loader.php 84
2015-10-30 16:23:02 (01024): 1024 Unable to find file for required class at /var/www/html/SparkFramework/Spark/Modules/BaSeMa/Classes/Hash/Hash.php (BaSeMa_Hash) /var/www/html/SparkFramework/Spark/Core/Classes/Loader/Loader.php 84
2015-10-30 17:04:24 (01024): 1024 Config parameter CONNECTION_ID not defined in module BaSeMa. /var/www/html/SparkFramework/Spark/Core/Classes/Global/Global.php 38
2015-10-30 19:33:19 (00008): 8 Undefined variable: tableName /var/www/html/SparkFramework/Spark/Modules/MyMangr/Model/ObjectsModel.php 22
2015-10-30 19:33:19 (01024): 1024 Error executing SQL sentence. (SQLSTATE[HY093]: Invalid parameter number: no parameters were bound) /var/www/html/SparkFramework/Spark/DBConnector/MySql/MySql.php 65
2015-10-30 19:33:31 (00002): 2 Missing argument 1 for MyMangr_ObjectsModel::listTableColumns(), called in /var/www/html/SparkFramework/Spark/Modules/MyMangr/Classes/Codegen/Codegen.php on line 6 and defined /var/www/html/SparkFramework/Spark/Modules/MyMangr/Model/ObjectsModel.php 17
2015-10-30 19:33:50 (01024): 1024 Error executing SQL sentence. (SQLSTATE[HY093]: Invalid parameter number: no parameters were bound) /var/www/html/SparkFramework/Spark/DBConnector/MySql/MySql.php 65
2015-10-30 19:34:36 (00008): 8 Undefined variable: res /var/www/html/SparkFramework/MyApp/Modules/MyModule/Controller/MainController.php 22
2015-10-30 19:36:09 (00008): 8 Undefined variable: res /var/www/html/SparkFramework/MyApp/Modules/MyModule/Controller/MainController.php 22
2015-10-30 19:44:45 (00002): 2 Missing argument 2 for MyMangr_Codegen::generateModel(), called in /var/www/html/SparkFramework/MyApp/Modules/MyModule/Controller/MainController.php on line 21 and defined /var/www/html/SparkFramework/Spark/Modules/MyMangr/Classes/Codegen/Codegen.php 4
2015-10-30 19:45:14 (00008): 8 Undefined variable: res /var/www/html/SparkFramework/MyApp/Modules/MyModule/Controller/MainController.php 22
2015-10-30 19:45:42 (00008): 8 Undefined variable: res /var/www/html/SparkFramework/MyApp/Modules/MyModule/Controller/MainController.php 22
2015-10-31 11:52:28 (Info.): BaSeMa installation started...
2015-10-31 11:52:29 (Info.): Dropping SPR_BSM_USER table
2015-10-31 11:52:29 (Info.): Creating SPR_BSM_USER table
2015-10-31 11:52:29 (Info.): Table SPR_BSM_USER succesfullly created
2015-10-31 11:52:29 (Info.): <br />Module BaSeMa has been succesfully installed.
2015-10-31 12:00:56 (01024): 1024 Unable to find file for required class at /var/www/html/SparkFramework/Spark/Modules/BaSeMa/Classes/UserEntity/UserEntity.php (BaSeMa_UserEntity) /var/www/html/SparkFramework/Spark/Core/Classes/Loader/Loader.php 84
2015-10-31 12:31:01 (01024): 1024 Unable to find file for required class at /var/www/html/SparkFramework/Spark/Modules/BaSeMa/Classes/UserEntity/UserEntity.php (BaSeMa_UserEntity) /var/www/html/SparkFramework/Spark/Core/Classes/Loader/Loader.php 84
2015-10-31 12:31:48 (00008): 8 Undefined index: COMMENT /var/www/html/SparkFramework/Spark/Modules/MyMangr/Classes/Codegen/Codegen.php 60
2015-10-31 12:31:48 (00008): 8 Undefined index: COMMENT /var/www/html/SparkFramework/Spark/Modules/MyMangr/Classes/Codegen/Codegen.php 60
2015-10-31 12:31:48 (00008): 8 Undefined index: COMMENT /var/www/html/SparkFramework/Spark/Modules/MyMangr/Classes/Codegen/Codegen.php 60
2015-10-31 12:31:48 (00008): 8 Undefined index: COMMENT /var/www/html/SparkFramework/Spark/Modules/MyMangr/Classes/Codegen/Codegen.php 60
2015-10-31 12:31:48 (00008): 8 Undefined index: COMMENT /var/www/html/SparkFramework/Spark/Modules/MyMangr/Classes/Codegen/Codegen.php 60
2015-10-31 12:31:48 (00008): 8 Undefined index: COMMENT /var/www/html/SparkFramework/Spark/Modules/MyMangr/Classes/Codegen/Codegen.php 60
2015-10-31 12:31:48 (00008): 8 Undefined index: COMMENT /var/www/html/SparkFramework/Spark/Modules/MyMangr/Classes/Codegen/Codegen.php 60
2015-10-31 12:31:48 (00008): 8 Undefined index: COMMENT /var/www/html/SparkFramework/Spark/Modules/MyMangr/Classes/Codegen/Codegen.php 60
2015-10-31 12:36:36 (00008): 8 Undefined variable: modelcode /var/www/html/SparkFramework/Spark/Modules/MyMangr/Classes/Codegen/Codegen.php 25
2015-10-31 12:39:13 (01024): 1024 Unable to find file for required class at /var/www/html/SparkFramework/Spark/Modules/BaSeMa/Classes/UserEntity/UserEntity.php (BaSeMa_UserEntity) /var/www/html/SparkFramework/Spark/Core/Classes/Loader/Loader.php 84
2015-10-31 12:40:51 (01024): 1024 Unable to find file for required class at /var/www/html/SparkFramework/Spark/Modules/BaSeMa/Model/UserEntity.php (BaSeMa_UserEntity) /var/www/html/SparkFramework/Spark/Core/Classes/Loader/Loader.php 86
2015-10-31 12:41:43 (00008): 8 Undefined variable: MyM /var/www/html/SparkFramework/MyApp/Modules/MyModule/Controller/MainController.php 23
2015-10-31 16:02:17 (00002): 2 Invalid argument supplied for foreach() /var/www/html/SparkFramework/Spark/Modules/MyMangr/Classes/Codegen/Codegen.php 122
2015-10-31 16:06:05 (00002): 2 Invalid argument supplied for foreach() /var/www/html/SparkFramework/Spark/Modules/MyMangr/Classes/Codegen/Codegen.php 122
2015-10-31 16:06:36 (00002): 2 Invalid argument supplied for foreach() /var/www/html/SparkFramework/Spark/Modules/MyMangr/Classes/Codegen/Codegen.php 123
2015-10-31 16:19:54 (00008): 8 Undefined variable: prikey /var/www/html/SparkFramework/Spark/Modules/MyMangr/Classes/Codegen/Codegen.php 45
2015-10-31 16:19:54 (00002): 2 Invalid argument supplied for foreach() /var/www/html/SparkFramework/Spark/Modules/MyMangr/Classes/Codegen/Codegen.php 45
2015-10-31 17:15:21 (01024): 1024 Unable to find file for required class at /var/www/html/SparkFramework/Spark/Modules/BaSeMa/Classes/SPR/SPR.php (BaSeMa_SPR_BSM_USERModel) /var/www/html/SparkFramework/Spark/Core/Classes/Loader/Loader.php 86
2015-10-31 17:30:53 (01024): 1024 There's no primary key defined for table User. No code generated. /var/www/html/SparkFramework/Spark/Modules/MyMangr/Classes/Codegen/Codegen.php 21
2015-10-31 17:32:58 (01024): 1024 No table User found or the table has no column. No code generated. /var/www/html/SparkFramework/Spark/Modules/MyMangr/Classes/Codegen/Codegen.php 11
2015-10-31 17:34:22 (01024): 1024 No table User found or the table has no column. No code generated. /var/www/html/SparkFramework/Spark/Modules/MyMangr/Classes/Codegen/Codegen.php 11
2015-10-31 17:34:40 (00002): 2 file_put_contents(/var/www/html/SparkFramework/Spark/Modules/BaSeMa/Model/UserModel.php): failed to open stream: No such file or directory /var/www/html/SparkFramework/Spark/Modules/MyMangr/Classes/Codegen/Codegen.php 45
2015-10-31 17:41:03 (01024): 1024 Unable to find file for required class at /var/www/html/SparkFramework/Spark/Modules/Bsm/Model/BsmUserModel.php (Bsm_BsmUserModel) /var/www/html/SparkFramework/Spark/Core/Classes/Loader/Loader.php 86
2015-10-31 17:41:57 (00002): 2 Missing argument 1 for Spark_MySql_Connector::__construct(), called in /var/www/html/SparkFramework/MyApp/Modules/MyModule/Controller/MainController.php on line 22 and defined /var/www/html/SparkFramework/Spark/DBConnector/MySql/MySql.php 20
2015-10-31 17:43:51 (00002): 2 Missing argument 1 for Spark_MySql_Connector::__construct(), called in /var/www/html/SparkFramework/MyApp/Modules/MyModule/Controller/MainController.php on line 22 and defined /var/www/html/SparkFramework/Spark/DBConnector/MySql/MySql.php 20
2015-10-31 17:56:44 (00002): 2 Missing argument 1 for Spark_MySql_Connector::__construct(), called in /var/www/html/SparkFramework/MyApp/Modules/MyModule/Controller/MainController.php on line 22 and defined /var/www/html/SparkFramework/Spark/DBConnector/MySql/MySql.php 20
2015-10-31 18:09:15 (00008): 8 Undefined variable: column /var/www/html/SparkFramework/Spark/Modules/MyMangr/Classes/Codegen/Codegen.php 113
2015-10-31 18:09:15 (00008): 8 Undefined variable: priKeyVars /var/www/html/SparkFramework/Spark/Modules/MyMangr/Classes/Codegen/Codegen.php 119
2015-10-31 18:09:15 (00008): 8 Undefined variable: priKeyVars /var/www/html/SparkFramework/Spark/Modules/MyMangr/Classes/Codegen/Codegen.php 136
2015-10-31 18:10:45 (00008): 8 Undefined variable: priKeyVars /var/www/html/SparkFramework/Spark/Modules/MyMangr/Classes/Codegen/Codegen.php 136
2015-10-31 18:11:15 (00008): 8 Undefined variable: priKeyVars /var/www/html/SparkFramework/Spark/Modules/MyMangr/Classes/Codegen/Codegen.php 133
2015-10-31 18:12:20 (00008): 8 Undefined variable: priKeyVars /var/www/html/SparkFramework/Spark/Modules/MyMangr/Classes/Codegen/Codegen.php 133
2015-10-31 18:15:29 (00008): 8 Undefined variable: priKeyVars /var/www/html/SparkFramework/Spark/Modules/MyMangr/Classes/Codegen/Codegen.php 133
2015-10-31 18:23:48 (00008): 8 Undefined variable: priKeyVars /var/www/html/SparkFramework/Spark/Modules/MyMangr/Classes/Codegen/Codegen.php 145
2015-10-31 18:24:25 (00008): 8 Undefined variable: priKeyVars /var/www/html/SparkFramework/Spark/Modules/MyMangr/Classes/Codegen/Codegen.php 145
2015-10-31 18:24:43 (00008): 8 Undefined variable: priKeyVars /var/www/html/SparkFramework/Spark/Modules/MyMangr/Classes/Codegen/Codegen.php 145
2015-10-31 18:25:01 (00008): 8 Undefined variable: priKeyVars /var/www/html/SparkFramework/Spark/Modules/MyMangr/Classes/Codegen/Codegen.php 145
2015-10-31 18:25:27 (00008): 8 Undefined variable: priKeyVars /var/www/html/SparkFramework/Spark/Modules/MyMangr/Classes/Codegen/Codegen.php 146
2015-10-31 18:25:55 (00008): 8 Undefined variable: priKeyVars /var/www/html/SparkFramework/Spark/Modules/MyMangr/Classes/Codegen/Codegen.php 146
2015-10-31 18:42:03 (00008): 8 Undefined property: Bsm_BsmUser_Entity::$aia /var/www/html/SparkFramework/Spark/Modules/Bsm/Model/BsmUserModel.php 46
2015-10-31 18:44:31 (00008): 8 Undefined property: Bsm_BsmUser_Entity::$aia /var/www/html/SparkFramework/Spark/Modules/Bsm/Model/BsmUserModel.php 46
2015-10-31 18:44:32 (00008): 8 Undefined property: Bsm_BsmUser_Entity::$aia /var/www/html/SparkFramework/Spark/Modules/Bsm/Model/BsmUserModel.php 46
2015-10-31 18:45:14 (00008): 8 Undefined property: Bsm_BsmUser_Entity::$ia /var/www/html/SparkFramework/Spark/Modules/Bsm/Model/BsmUserModel.php 47
2015-10-31 18:47:04 (01024): 1024 Error executing SQL sentence. (SQLSTATE[42000]: Syntax error or access violation: 1064 You have an error in your SQL syntax; check the manual that corresponds to your MariaDB server version for the right syntax to use near '= 'aia'' at line 2) /var/www/html/SparkFramework/Spark/DBConnector/MySql/MySql.php 65
2015-10-31 18:47:53 (01024): 1024 Error executing SQL sentence. (SQLSTATE[42000]: Syntax error or access violation: 1064 You have an error in your SQL syntax; check the manual that corresponds to your MariaDB server version for the right syntax to use near '= 'aia'' at line 2) /var/www/html/SparkFramework/Spark/DBConnector/MySql/MySql.php 65
2015-10-31 19:12:56 (01024): 1024 Error executing SQL sentence. (SQLSTATE[23000]: Integrity constraint violation: 1062 Duplicate entry 'aia' for key 'PRIMARY') /var/www/html/SparkFramework/Spark/DBConnector/MySql/MySql.php 45
2015-10-31 19:13:05 (00008): 8 Undefined variable: res /var/www/html/SparkFramework/MyApp/Modules/MyModule/Controller/MainController.php 34
2015-10-31 19:30:59 (00008): 8 Undefined variable: cols /var/www/html/SparkFramework/Spark/Modules/MyMangr/Classes/Codegen/Codegen.php 202
2015-10-31 19:30:59 (00008): 8 Undefined variable: vals /var/www/html/SparkFramework/Spark/Modules/MyMangr/Classes/Codegen/Codegen.php 203
2015-10-31 20:00:24 (00002): 2 file_put_contents(/var/www/html/SparkFramework/MyApp/Modules/Bsm/Model/BsmUserModel.php): failed to open stream: No such file or directory /var/www/html/SparkFramework/Spark/Modules/MyMangr/Classes/Codegen/Codegen.php 47
2015-10-31 20:04:51 (01024): 1024 Module Bsm not found under /var/www/html/SparkFramework/MyApp/Modules /var/www/html/SparkFramework/Spark/Modules/MyMangr/Classes/Codegen/Codegen.php 6
2015-10-31 20:11:11 (01024): 1024 Unable to find file for required class at /var/www/html/SparkFramework/Spark/Modules/MyMangr/Classes/CodeGen/CodeGen.php (MyMangr_CodeGen) /var/www/html/SparkFramework/Spark/Core/Classes/Loader/Loader.php 86
2015-10-31 20:11:35 (00008): 8 Undefined variable: modulePath /var/www/html/SparkFramework/Spark/Core/Classes/Loader/Loader.php 78
2015-10-31 20:11:35 (01024): 1024 Unable to find file for required class at /Classes/ModelGen/ModelGen.php (Codegen_ModelGen) /var/www/html/SparkFramework/Spark/Core/Classes/Loader/Loader.php 86
2015-10-31 20:13:43 (01024): 1024 Can't find Codegen /var/www/html/SparkFramework/Spark/Core/Classes/Loader/Loader.php 68
2015-10-31 20:17:21 (01024): 1024 Can't find MyMangr /var/www/html/SparkFramework/Spark/Core/Classes/Loader/Loader.php 68
2015-10-31 20:18:08 (01024): 1024 Config parameter CONNECTION_ID not defined in module MyMangr. /var/www/html/SparkFramework/Spark/Core/Classes/Global/Global.php 38
